<testsuites name="jest tests">
  <testsuite name="README.md" errors="0" failures="1" skipped="0" timestamp="2017-12-04T13:32:29" time="0.155" tests="1">
    <testcase classname="README.md Should have been updated for new project." name="README.md Should have been updated for new project." time="0.009">
      <failure>Error: expect(received).toBeFalsy()

Expected value to be falsy, instead received
  true
    at /Users/leo.kyrkos/development/yfs/scaffolding_vue/test/unit/specs/readme.spec.js:7:45
    at &lt;anonymous&gt;</failure>
    </testcase>
  </testsuite>
  <testsuite name="HelloWorld.vue" errors="0" failures="0" skipped="0" timestamp="2017-12-04T13:32:30" time="0.349" tests="1">
    <testcase classname="HelloWorld.vue Should render the title and subtitle props correctly." name="HelloWorld.vue Should render the title and subtitle props correctly." time="0.011">
    </testcase>
  </testsuite>
</testsuites>